Grammar {
    imports: [],
    productions: ProdVec(
        [
            Production {
                idx: 0,
                nonterminal: 1,
                ntidx: 0,
                kind: None,
                rhs: [
                    ResolvingAssignment {
                        name: None,
                        symbol: ResolvingSymbolIndex {
                            index: Some(
                                4,
                            ),
                            symbol: Name(
                                ValSpan {
                                    value: "S",
                                    span: None,
                                },
                            ),
                        },
                        is_bool: false,
                    },
                ],
                assoc: None,
                prio: 10,
                dynamic: false,
                nops: false,
                nopse: false,
                meta: {},
            },
            Production {
                idx: 1,
                nonterminal: 2,
                ntidx: 0,
                kind: None,
                rhs: [
                    ResolvingAssignment {
                        name: None,
                        symbol: ResolvingSymbolIndex {
                            index: Some(
                                5,
                            ),
                            symbol: Name(
                                ValSpan {
                                    value: "A",
                                    span: Some(
                                        [12(2,11)-13(2,12)],
                                    ),
                                },
                            ),
                        },
                        is_bool: false,
                    },
                    ResolvingAssignment {
                        name: None,
                        symbol: ResolvingSymbolIndex {
                            index: Some(
                                1,
                            ),
                            symbol: StrConst(
                                ValSpan {
                                    value: "some_term",
                                    span: Some(
                                        [14(2,13)-25(2,24)],
                                    ),
                                },
                            ),
                        },
                        is_bool: false,
                    },
                    ResolvingAssignment {
                        name: None,
                        symbol: ResolvingSymbolIndex {
                            index: Some(
                                6,
                            ),
                            symbol: Name(
                                ValSpan {
                                    value: "B",
                                    span: Some(
                                        [26(2,25)-27(2,26)],
                                    ),
                                },
                            ),
                        },
                        is_bool: false,
                    },
                ],
                assoc: None,
                prio: 5,
                dynamic: false,
                nops: false,
                nopse: false,
                meta: {},
            },
            Production {
                idx: 2,
                nonterminal: 2,
                ntidx: 1,
                kind: None,
                rhs: [
                    ResolvingAssignment {
                        name: None,
                        symbol: ResolvingSymbolIndex {
                            index: Some(
                                6,
                            ),
                            symbol: Name(
                                ValSpan {
                                    value: "B",
                                    span: Some(
                                        [34(2,33)-35(2,34)],
                                    ),
                                },
                            ),
                        },
                        is_bool: false,
                    },
                ],
                assoc: None,
                prio: 10,
                dynamic: false,
                nops: true,
                nopse: false,
                meta: {},
            },
            Production {
                idx: 3,
                nonterminal: 3,
                ntidx: 0,
                kind: None,
                rhs: [
                    ResolvingAssignment {
                        name: None,
                        symbol: ResolvingSymbolIndex {
                            index: Some(
                                6,
                            ),
                            symbol: Name(
                                ValSpan {
                                    value: "B",
                                    span: Some(
                                        [55(3,11)-56(3,12)],
                                    ),
                                },
                            ),
                        },
                        is_bool: false,
                    },
                ],
                assoc: None,
                prio: 10,
                dynamic: false,
                nops: false,
                nopse: true,
                meta: {
                    "bla": Int(
                        ValSpan {
                            value: 5,
                            span: Some(
                                [70(3,26)-71(3,27)],
                            ),
                        },
                    ),
                },
            },
            Production {
                idx: 4,
                nonterminal: 4,
                ntidx: 0,
                kind: None,
                rhs: [
                    ResolvingAssignment {
                        name: None,
                        symbol: ResolvingSymbolIndex {
                            index: Some(
                                1,
                            ),
                            symbol: Name(
                                ValSpan {
                                    value: "some_term",
                                    span: Some(
                                        [85(4,11)-94(4,20)],
                                    ),
                                },
                            ),
                        },
                        is_bool: false,
                    },
                ],
                assoc: Right,
                prio: 10,
                dynamic: false,
                nops: false,
                nopse: false,
                meta: {},
            },
        ],
    ),
    terminals: TermVec(
        [
            Terminal {
                idx: 0,
                name: "STOP",
                annotation: None,
                recognizer: None,
                has_content: false,
                reachable: Cell {
                    value: false,
                },
                prio: 100,
                assoc: None,
                meta: {},
            },
            Terminal {
                idx: 1,
                name: "some_term",
                annotation: None,
                recognizer: Some(
                    StrConst(
                        ValSpan {
                            value: "some_term",
                            span: Some(
                                [141(6,19)-152(6,30)],
                            ),
                        },
                    ),
                ),
                has_content: false,
                reachable: Cell {
                    value: true,
                },
                prio: 10,
                assoc: None,
                meta: {},
            },
        ],
    ),
    nonterminals: NonTermVec(
        [
            NonTerminal {
                idx: 0,
                name: "EMPTY",
                annotation: None,
                productions: [],
                reachable: Cell {
                    value: false,
                },
            },
            NonTerminal {
                idx: 1,
                name: "AUG",
                annotation: None,
                productions: [
                    0,
                ],
                reachable: Cell {
                    value: false,
                },
            },
            NonTerminal {
                idx: 2,
                name: "S",
                annotation: None,
                productions: [
                    1,
                    2,
                ],
                reachable: Cell {
                    value: true,
                },
            },
            NonTerminal {
                idx: 3,
                name: "A",
                annotation: None,
                productions: [
                    3,
                ],
                reachable: Cell {
                    value: true,
                },
            },
            NonTerminal {
                idx: 4,
                name: "B",
                annotation: None,
                productions: [
                    4,
                ],
                reachable: Cell {
                    value: true,
                },
            },
        ],
    ),
    nonterm_by_name: {
        "A": 5,
        "AUG": 3,
        "B": 6,
        "EMPTY": 2,
        "S": 4,
    },
    term_by_name: {
        "STOP": 0,
        "some_term": 1,
    },
    empty_index: 2,
    stop_index: 0,
    augmented_index: 3,
    augmented_layout_index: None,
    start_index: 4,
}