Grammar {
    imports: [],
    productions: ProdVec(
        [
            Production {
                idx: 0,
                nonterminal: 1,
                ntidx: 0,
                kind: None,
                rhs: [
                    ResolvingAssignment {
                        name: None,
                        symbol: ResolvingSymbolIndex {
                            index: Some(
                                4,
                            ),
                            symbol: Name(
                                ValSpan {
                                    value: "S",
                                    span: None,
                                },
                            ),
                        },
                        is_bool: false,
                    },
                ],
                assoc: None,
                prio: 10,
                dynamic: false,
                nops: false,
                nopse: false,
                meta: {},
            },
            Production {
                idx: 1,
                nonterminal: 2,
                ntidx: 0,
                kind: None,
                rhs: [
                    ResolvingAssignment {
                        name: None,
                        symbol: ResolvingSymbolIndex {
                            index: Some(
                                6,
                            ),
                            symbol: Name(
                                ValSpan {
                                    value: "A0",
                                    span: Some(
                                        [12(2,11)-13(2,12)],
                                    ),
                                },
                            ),
                        },
                        is_bool: false,
                    },
                    ResolvingAssignment {
                        name: None,
                        symbol: ResolvingSymbolIndex {
                            index: Some(
                                12,
                            ),
                            symbol: Name(
                                ValSpan {
                                    value: "B",
                                    span: Some(
                                        [15(2,14)-16(2,15)],
                                    ),
                                },
                            ),
                        },
                        is_bool: false,
                    },
                ],
                assoc: None,
                prio: 10,
                dynamic: false,
                nops: false,
                nopse: false,
                meta: {},
            },
            Production {
                idx: 2,
                nonterminal: 3,
                ntidx: 0,
                kind: None,
                rhs: [
                    ResolvingAssignment {
                        name: None,
                        symbol: ResolvingSymbolIndex {
                            index: Some(
                                5,
                            ),
                            symbol: Name(
                                ValSpan {
                                    value: "A1",
                                    span: Some(
                                        [12(2,11)-13(2,12)],
                                    ),
                                },
                            ),
                        },
                        is_bool: false,
                    },
                    ResolvingAssignment {
                        name: None,
                        symbol: ResolvingSymbolIndex {
                            index: Some(
                                11,
                            ),
                            symbol: Name(
                                ValSpan {
                                    value: "A",
                                    span: Some(
                                        [12(2,11)-13(2,12)],
                                    ),
                                },
                            ),
                        },
                        is_bool: false,
                    },
                ],
                assoc: None,
                prio: 10,
                dynamic: false,
                nops: false,
                nopse: false,
                meta: {},
            },
            Production {
                idx: 3,
                nonterminal: 3,
                ntidx: 1,
                kind: None,
                rhs: [
                    ResolvingAssignment {
                        name: None,
                        symbol: ResolvingSymbolIndex {
                            index: Some(
                                11,
                            ),
                            symbol: Name(
                                ValSpan {
                                    value: "A",
                                    span: Some(
                                        [12(2,11)-13(2,12)],
                                    ),
                                },
                            ),
                        },
                        is_bool: false,
                    },
                ],
                assoc: None,
                prio: 10,
                dynamic: false,
                nops: false,
                nopse: false,
                meta: {},
            },
            Production {
                idx: 4,
                nonterminal: 4,
                ntidx: 0,
                kind: None,
                rhs: [
                    ResolvingAssignment {
                        name: None,
                        symbol: ResolvingSymbolIndex {
                            index: Some(
                                5,
                            ),
                            symbol: Name(
                                ValSpan {
                                    value: "A1",
                                    span: Some(
                                        [12(2,11)-13(2,12)],
                                    ),
                                },
                            ),
                        },
                        is_bool: false,
                    },
                ],
                assoc: None,
                prio: 10,
                dynamic: false,
                nops: false,
                nopse: false,
                meta: {},
            },
            Production {
                idx: 5,
                nonterminal: 4,
                ntidx: 1,
                kind: None,
                rhs: [],
                assoc: None,
                prio: 10,
                dynamic: false,
                nops: false,
                nopse: false,
                meta: {},
            },
            Production {
                idx: 6,
                nonterminal: 2,
                ntidx: 1,
                kind: None,
                rhs: [
                    ResolvingAssignment {
                        name: None,
                        symbol: ResolvingSymbolIndex {
                            index: Some(
                                8,
                            ),
                            symbol: Name(
                                ValSpan {
                                    value: "C0",
                                    span: Some(
                                        [19(2,18)-20(2,19)],
                                    ),
                                },
                            ),
                        },
                        is_bool: false,
                    },
                ],
                assoc: None,
                prio: 10,
                dynamic: false,
                nops: false,
                nopse: false,
                meta: {},
            },
            Production {
                idx: 7,
                nonterminal: 5,
                ntidx: 0,
                kind: None,
                rhs: [
                    ResolvingAssignment {
                        name: None,
                        symbol: ResolvingSymbolIndex {
                            index: Some(
                                7,
                            ),
                            symbol: Name(
                                ValSpan {
                                    value: "C1",
                                    span: Some(
                                        [19(2,18)-20(2,19)],
                                    ),
                                },
                            ),
                        },
                        is_bool: false,
                    },
                    ResolvingAssignment {
                        name: None,
                        symbol: ResolvingSymbolIndex {
                            index: Some(
                                13,
                            ),
                            symbol: Name(
                                ValSpan {
                                    value: "C",
                                    span: Some(
                                        [19(2,18)-20(2,19)],
                                    ),
                                },
                            ),
                        },
                        is_bool: false,
                    },
                ],
                assoc: None,
                prio: 10,
                dynamic: false,
                nops: false,
                nopse: false,
                meta: {},
            },
            Production {
                idx: 8,
                nonterminal: 5,
                ntidx: 1,
                kind: None,
                rhs: [
                    ResolvingAssignment {
                        name: None,
                        symbol: ResolvingSymbolIndex {
                            index: Some(
                                13,
                            ),
                            symbol: Name(
                                ValSpan {
                                    value: "C",
                                    span: Some(
                                        [19(2,18)-20(2,19)],
                                    ),
                                },
                            ),
                        },
                        is_bool: false,
                    },
                ],
                assoc: None,
                prio: 10,
                dynamic: false,
                nops: false,
                nopse: false,
                meta: {},
            },
            Production {
                idx: 9,
                nonterminal: 6,
                ntidx: 0,
                kind: None,
                rhs: [
                    ResolvingAssignment {
                        name: None,
                        symbol: ResolvingSymbolIndex {
                            index: Some(
                                7,
                            ),
                            symbol: Name(
                                ValSpan {
                                    value: "C1",
                                    span: Some(
                                        [19(2,18)-20(2,19)],
                                    ),
                                },
                            ),
                        },
                        is_bool: false,
                    },
                ],
                assoc: None,
                prio: 10,
                dynamic: false,
                nops: false,
                nopse: false,
                meta: {},
            },
            Production {
                idx: 10,
                nonterminal: 6,
                ntidx: 1,
                kind: None,
                rhs: [],
                assoc: None,
                prio: 10,
                dynamic: false,
                nops: false,
                nopse: false,
                meta: {},
            },
            Production {
                idx: 11,
                nonterminal: 2,
                ntidx: 2,
                kind: None,
                rhs: [
                    ResolvingAssignment {
                        name: None,
                        symbol: ResolvingSymbolIndex {
                            index: Some(
                                10,
                            ),
                            symbol: Name(
                                ValSpan {
                                    value: "Some0",
                                    span: Some(
                                        [24(2,23)-30(2,29)],
                                    ),
                                },
                            ),
                        },
                        is_bool: false,
                    },
                ],
                assoc: None,
                prio: 10,
                dynamic: false,
                nops: false,
                nopse: false,
                meta: {},
            },
            Production {
                idx: 12,
                nonterminal: 7,
                ntidx: 0,
                kind: None,
                rhs: [
                    ResolvingAssignment {
                        name: None,
                        symbol: ResolvingSymbolIndex {
                            index: Some(
                                9,
                            ),
                            symbol: Name(
                                ValSpan {
                                    value: "Some1",
                                    span: Some(
                                        [24(2,23)-30(2,29)],
                                    ),
                                },
                            ),
                        },
                        is_bool: false,
                    },
                    ResolvingAssignment {
                        name: None,
                        symbol: ResolvingSymbolIndex {
                            index: Some(
                                1,
                            ),
                            symbol: Name(
                                ValSpan {
                                    value: "Some",
                                    span: Some(
                                        [24(2,23)-30(2,29)],
                                    ),
                                },
                            ),
                        },
                        is_bool: false,
                    },
                ],
                assoc: None,
                prio: 10,
                dynamic: false,
                nops: false,
                nopse: false,
                meta: {},
            },
            Production {
                idx: 13,
                nonterminal: 7,
                ntidx: 1,
                kind: None,
                rhs: [
                    ResolvingAssignment {
                        name: None,
                        symbol: ResolvingSymbolIndex {
                            index: Some(
                                1,
                            ),
                            symbol: Name(
                                ValSpan {
                                    value: "Some",
                                    span: Some(
                                        [24(2,23)-30(2,29)],
                                    ),
                                },
                            ),
                        },
                        is_bool: false,
                    },
                ],
                assoc: None,
                prio: 10,
                dynamic: false,
                nops: false,
                nopse: false,
                meta: {},
            },
            Production {
                idx: 14,
                nonterminal: 8,
                ntidx: 0,
                kind: None,
                rhs: [
                    ResolvingAssignment {
                        name: None,
                        symbol: ResolvingSymbolIndex {
                            index: Some(
                                9,
                            ),
                            symbol: Name(
                                ValSpan {
                                    value: "Some1",
                                    span: Some(
                                        [24(2,23)-30(2,29)],
                                    ),
                                },
                            ),
                        },
                        is_bool: false,
                    },
                ],
                assoc: None,
                prio: 10,
                dynamic: false,
                nops: false,
                nopse: false,
                meta: {},
            },
            Production {
                idx: 15,
                nonterminal: 8,
                ntidx: 1,
                kind: None,
                rhs: [],
                assoc: None,
                prio: 10,
                dynamic: false,
                nops: false,
                nopse: false,
                meta: {},
            },
            Production {
                idx: 16,
                nonterminal: 9,
                ntidx: 0,
                kind: None,
                rhs: [
                    ResolvingAssignment {
                        name: None,
                        symbol: ResolvingSymbolIndex {
                            index: Some(
                                1,
                            ),
                            symbol: Name(
                                ValSpan {
                                    value: "Some",
                                    span: Some(
                                        [44(3,11)-48(3,15)],
                                    ),
                                },
                            ),
                        },
                        is_bool: false,
                    },
                    ResolvingAssignment {
                        name: None,
                        symbol: ResolvingSymbolIndex {
                            index: Some(
                                6,
                            ),
                            symbol: Name(
                                ValSpan {
                                    value: "A0",
                                    span: Some(
                                        [49(3,16)-50(3,17)],
                                    ),
                                },
                            ),
                        },
                        is_bool: false,
                    },
                ],
                assoc: None,
                prio: 10,
                dynamic: false,
                nops: false,
                nopse: false,
                meta: {},
            },
            Production {
                idx: 17,
                nonterminal: 10,
                ntidx: 0,
                kind: None,
                rhs: [
                    ResolvingAssignment {
                        name: None,
                        symbol: ResolvingSymbolIndex {
                            index: Some(
                                1,
                            ),
                            symbol: Name(
                                ValSpan {
                                    value: "Some",
                                    span: Some(
                                        [64(4,11)-68(4,15)],
                                    ),
                                },
                            ),
                        },
                        is_bool: false,
                    },
                ],
                assoc: None,
                prio: 10,
                dynamic: false,
                nops: false,
                nopse: false,
                meta: {},
            },
            Production {
                idx: 18,
                nonterminal: 10,
                ntidx: 1,
                kind: None,
                rhs: [],
                assoc: None,
                prio: 10,
                dynamic: false,
                nops: false,
                nopse: false,
                meta: {},
            },
            Production {
                idx: 19,
                nonterminal: 11,
                ntidx: 0,
                kind: None,
                rhs: [
                    ResolvingAssignment {
                        name: None,
                        symbol: ResolvingSymbolIndex {
                            index: Some(
                                6,
                            ),
                            symbol: Name(
                                ValSpan {
                                    value: "A0",
                                    span: Some(
                                        [89(5,11)-90(5,12)],
                                    ),
                                },
                            ),
                        },
                        is_bool: false,
                    },
                    ResolvingAssignment {
                        name: None,
                        symbol: ResolvingSymbolIndex {
                            index: Some(
                                1,
                            ),
                            symbol: Name(
                                ValSpan {
                                    value: "Some",
                                    span: Some(
                                        [92(5,14)-96(5,18)],
                                    ),
                                },
                            ),
                        },
                        is_bool: false,
                    },
                ],
                assoc: None,
                prio: 10,
                dynamic: false,
                nops: false,
                nopse: false,
                meta: {},
            },
        ],
    ),
    terminals: TermVec(
        [
            Terminal {
                idx: 0,
                name: "STOP",
                annotation: None,
                recognizer: None,
                has_content: false,
                reachable: Cell {
                    value: false,
                },
                prio: 100,
                assoc: None,
                meta: {},
            },
            Terminal {
                idx: 1,
                name: "Some",
                annotation: None,
                recognizer: Some(
                    StrConst(
                        ValSpan {
                            value: "some",
                            span: Some(
                                [130(7,14)-136(7,20)],
                            ),
                        },
                    ),
                ),
                has_content: false,
                reachable: Cell {
                    value: true,
                },
                prio: 10,
                assoc: None,
                meta: {},
            },
        ],
    ),
    nonterminals: NonTermVec(
        [
            NonTerminal {
                idx: 0,
                name: "EMPTY",
                annotation: None,
                productions: [],
                reachable: Cell {
                    value: false,
                },
            },
            NonTerminal {
                idx: 1,
                name: "AUG",
                annotation: None,
                productions: [
                    0,
                ],
                reachable: Cell {
                    value: false,
                },
            },
            NonTerminal {
                idx: 2,
                name: "S",
                annotation: None,
                productions: [
                    1,
                    6,
                    11,
                ],
                reachable: Cell {
                    value: true,
                },
            },
            NonTerminal {
                idx: 3,
                name: "A1",
                annotation: Some(
                    "vec",
                ),
                productions: [
                    2,
                    3,
                ],
                reachable: Cell {
                    value: true,
                },
            },
            NonTerminal {
                idx: 4,
                name: "A0",
                annotation: Some(
                    "vec",
                ),
                productions: [
                    4,
                    5,
                ],
                reachable: Cell {
                    value: true,
                },
            },
            NonTerminal {
                idx: 5,
                name: "C1",
                annotation: Some(
                    "vec",
                ),
                productions: [
                    7,
                    8,
                ],
                reachable: Cell {
                    value: true,
                },
            },
            NonTerminal {
                idx: 6,
                name: "C0",
                annotation: Some(
                    "vec",
                ),
                productions: [
                    9,
                    10,
                ],
                reachable: Cell {
                    value: true,
                },
            },
            NonTerminal {
                idx: 7,
                name: "Some1",
                annotation: Some(
                    "vec",
                ),
                productions: [
                    12,
                    13,
                ],
                reachable: Cell {
                    value: true,
                },
            },
            NonTerminal {
                idx: 8,
                name: "Some0",
                annotation: Some(
                    "vec",
                ),
                productions: [
                    14,
                    15,
                ],
                reachable: Cell {
                    value: true,
                },
            },
            NonTerminal {
                idx: 9,
                name: "A",
                annotation: None,
                productions: [
                    16,
                ],
                reachable: Cell {
                    value: true,
                },
            },
            NonTerminal {
                idx: 10,
                name: "B",
                annotation: None,
                productions: [
                    17,
                    18,
                ],
                reachable: Cell {
                    value: true,
                },
            },
            NonTerminal {
                idx: 11,
                name: "C",
                annotation: None,
                productions: [
                    19,
                ],
                reachable: Cell {
                    value: true,
                },
            },
        ],
    ),
    nonterm_by_name: {
        "A": 11,
        "A0": 6,
        "A1": 5,
        "AUG": 3,
        "B": 12,
        "C": 13,
        "C0": 8,
        "C1": 7,
        "EMPTY": 2,
        "S": 4,
        "Some0": 10,
        "Some1": 9,
    },
    term_by_name: {
        "STOP": 0,
        "Some": 1,
    },
    empty_index: 2,
    stop_index: 0,
    augmented_index: 3,
    augmented_layout_index: None,
    start_index: 4,
}